labeled 500 skipped 0
labeled 1000 skipped 0
labeled 1500 skipped 0
labeled 2000 skipped 0
labeled 2500 skipped 0
labeled 3000 skipped 0
labeled 3500 skipped 0
labeled 4000 skipped 0
labeled 4500 skipped 0
labeled 5000 skipped 0
labeled 5500 skipped 0
labeled 6000 skipped 0
labeled 6500 skipped 0
labeled 7000 skipped 0
labeled 7500 skipped 0
labeled 8000 skipped 0
labeled 8500 skipped 0
labeled 9000 skipped 0
labeled 9500 skipped 0
labeled 10000 skipped 0
labeled 10500 skipped 0
labeled 11000 skipped 0
labeled 11500 skipped 0
labeled 12000 skipped 0
labeled 12500 skipped 0
labeled 13000 skipped 0
labeled 13500 skipped 0
labeled 14000 skipped 0
labeled 14500 skipped 0
labeled 15000 skipped 0
labeled 15500 skipped 0
labeled 16000 skipped 0
labeled 16500 skipped 0
labeled 17000 skipped 0
labeled 17500 skipped 0
labeled 18000 skipped 0
labeled 18500 skipped 0
labeled 19000 skipped 0
labeled 19500 skipped 0
labeled 20000 skipped 0
labeled 20500 skipped 0
labeled 21000 skipped 0
labeled 21500 skipped 0
labeled 22000 skipped 0
labeled 22500 skipped 0
labeled 23000 skipped 0
labeled 23500 skipped 0
labeled 24000 skipped 0
labeled 24500 skipped 0
labeled 25000 skipped 0
labeled 25500 skipped 0
labeled 26000 skipped 0
labeled 26500 skipped 0
labeled 27000 skipped 0
labeled 27500 skipped 0
labeled 28000 skipped 0
labeled 28500 skipped 0
labeled 29000 skipped 0
labeled 29500 skipped 0
labeled 30000 skipped 0
labeled 30500 skipped 0
labeled 31000 skipped 0
labeled 31500 skipped 0
labeled 32000 skipped 0
labeled 32500 skipped 0
labeled 33000 skipped 0
labeled 33500 skipped 0
labeled 34000 skipped 0
labeled 34500 skipped 0
labeled 35000 skipped 0
