wait_deep_sp: 350k-node mix25 distillation
launch selfplay 2000g d10 350k nodes from CCRL openings
detached pid=65437 log=/Users/joey/Repos/experion/tools/match/gendata_mix25_deep.log out=/Users/joey/Repos/experion/datasets/selfplay_mix25_deep.txt
gendata still running selfplay_mix25_deep.txt parts=0B elapsed=0s
gendata still running selfplay_mix25_deep.txt parts=263745B elapsed=120s
gendata still running selfplay_mix25_deep.txt parts=496807B elapsed=240s
gendata still running selfplay_mix25_deep.txt parts=716495B elapsed=360s
gendata still running selfplay_mix25_deep.txt parts=941964B elapsed=480s
gendata still running selfplay_mix25_deep.txt parts=1198255B elapsed=600s
gendata still running selfplay_mix25_deep.txt parts=1419004B elapsed=720s
gendata still running selfplay_mix25_deep.txt parts=1654433B elapsed=840s
gendata still running selfplay_mix25_deep.txt parts=1880175B elapsed=960s
gendata still running selfplay_mix25_deep.txt parts=2162520B elapsed=1080s
gendata still running selfplay_mix25_deep.txt parts=2391494B elapsed=1200s
gendata still running selfplay_mix25_deep.txt parts=2660009B elapsed=1320s
gendata still running selfplay_mix25_deep.txt parts=2915524B elapsed=1440s
gendata still running selfplay_mix25_deep.txt parts=3136255B elapsed=1560s
gendata still running selfplay_mix25_deep.txt parts=3382052B elapsed=1680s
gendata still running selfplay_mix25_deep.txt parts=3578226B elapsed=1800s
gendata still running selfplay_mix25_deep.txt parts=3829206B elapsed=1921s
gendata still running selfplay_mix25_deep.txt parts=4044929B elapsed=2041s
gendata still running selfplay_mix25_deep.txt parts=4277030B elapsed=2161s
gendata still running selfplay_mix25_deep.txt parts=4515405B elapsed=2281s
gendata still running selfplay_mix25_deep.txt parts=4714922B elapsed=2401s
gendata still running selfplay_mix25_deep.txt parts=4933296B elapsed=2521s
gendata still running selfplay_mix25_deep.txt parts=5166163B elapsed=2641s
gendata still running selfplay_mix25_deep.txt parts=5419065B elapsed=2761s
gendata still running selfplay_mix25_deep.txt parts=5635584B elapsed=2881s
gendata still running selfplay_mix25_deep.txt parts=5859640B elapsed=3001s
gendata still running selfplay_mix25_deep.txt parts=6099357B elapsed=3121s
gendata still running selfplay_mix25_deep.txt parts=6312710B elapsed=3241s
gendata still running selfplay_mix25_deep.txt parts=6566864B elapsed=3361s
gendata still running selfplay_mix25_deep.txt parts=6834603B elapsed=3481s
gendata still running selfplay_mix25_deep.txt parts=7093302B elapsed=3601s
gendata still running selfplay_mix25_deep.txt parts=7328271B elapsed=3721s
gendata still running selfplay_mix25_deep.txt parts=7581988B elapsed=3842s
gendata still running selfplay_mix25_deep.txt parts=7842301B elapsed=3962s
gendata still running selfplay_mix25_deep.txt parts=8044137B elapsed=4082s
gendata still running selfplay_mix25_deep.txt parts=8246769B elapsed=4202s
gendata still running selfplay_mix25_deep.txt parts=8373500B elapsed=4322s
gendata still running selfplay_mix25_deep.txt parts=8460447B elapsed=4442s
gendata done /Users/joey/Repos/experion/datasets/selfplay_mix25_deep.txt 8511134 bytes
pack selfplay_mix25_deep.txt
{'source': '/Users/joey/Repos/experion/datasets/selfplay_mix25_deep.txt', 'positions': {'train': 136414, 'val': 7088}, 'kept': 143502, 'skipped': 33649, 'score_pov': 'white', 'labels': 'self-play search score + game WDL', 'split': 'position hash, 5% val'}
train mix25 freeze-linear 8ep on mix25_deep lr=0.0005
train mix25_deep rc=0
material best.bin [297, 539]
{'out': '/Users/joey/Repos/experion/nets/enn4_mix25_deep_h10.bin', 't': 0.1, 'all': False}
material enn4_mix25_deep_h10.bin [299, 528]
{'out': '/Users/joey/Repos/experion/nets/enn4_mix25_deep_h15.bin', 't': 0.15, 'all': False}
material enn4_mix25_deep_h15.bin [299, 528]
{'out': '/Users/joey/Repos/experion/nets/enn4_mix25_deep_h25.bin', 't': 0.25, 'all': False}
material enn4_mix25_deep_h25.bin [298, 529]
deep vs mix25 heads MAE 4.01
20g 10+0.1 vs fruit net=enn4_mix25_deep_h10.bin stem=mix25_deep_h10_fruit
detached pid=67087 pgid=67087 log=/Users/joey/Repos/experion/tools/match/mix25_deep_h10_fruit.log
