=== keepgoing 2026-09-17 16:53:42 ===
keepgoing start — do not exit until Fruit and Crafty ≥50%/40g
start 40M 1ep freeze-linear from mix25 (MPS)
waiting for in-flight mix25_tac1 vs Fruit
abort mix25_tac1_fruit.log: Score of Experion vs Fruit21_CCRL2694: 1 - 13 - 0  [0.071] 14
tac1 not better than mix25 21%; skip Crafty
40m train rc=0
material best.bin [259, 446]
20g 10+0.1 vs fruit net=enn4_mix25_tac40e1.bin stem=tac40e1_fruit
detached pid=80688 pgid=80688 log=/Users/joey/Repos/experion/tools/match/tac40e1_fruit.log
abort tac40e1_fruit.log: Score of Experion vs Fruit21_CCRL2694: 0 - 11 - 1  [0.042] 12
tac40e1_fruit 0-11-1 = 4.2% / 12g
=== search canary lmr30 ===
shards build --release
spec Finished in 6.44 seconds | 664 examples, 0 failures, 0 errors, 0 pending
20g 10+0.1 vs fruit net=enn4_tactics_mix25.bin stem=mix25_lmr30
detached pid=81091 pgid=81091 log=/Users/joey/Repos/experion/tools/match/mix25_lmr30.log
mix25_lmr30 2-16-2 = 15.0% / 20g
lmr30 failed vs Fruit; revert
shards build --release
spec Finished in 6.45 seconds | 664 examples, 0 failures, 0 errors, 0 pending
=== search canary lmp ===
shards build --release
spec Finished in 6.8 seconds | 664 examples, 0 failures, 0 errors, 0 pending
20g 10+0.1 vs fruit net=enn4_tactics_mix25.bin stem=mix25_lmp
detached pid=81895 pgid=81895 log=/Users/joey/Repos/experion/tools/match/mix25_lmp.log
mix25_lmp 3-14-3 = 22.5% / 20g
lmp held Fruit 22.5%; Crafty 20g
20g 10+0.1 vs crafty net=enn4_tactics_mix25.bin stem=mix25_lmp_crafty
detached pid=82406 pgid=82406 log=/Users/joey/Repos/experion/tools/match/mix25_lmp_crafty.log
abort mix25_lmp_crafty.log: Score of Experion vs Crafty252: 1 - 13 - 0  [0.071] 14
mix25_lmp_crafty 1-13-0 = 7.1% / 14g
=== search canary nmpsee ===
shards build --release
spec Finished in 6.68 seconds | 664 examples, 0 failures, 0 errors, 0 pending
20g 10+0.1 vs fruit net=enn4_tactics_mix25.bin stem=mix25_nmpsee
detached pid=84197 pgid=84197 log=/Users/joey/Repos/experion/tools/match/mix25_nmpsee.log
abort mix25_nmpsee.log: Score of Experion vs Fruit21_CCRL2694: 1 - 11 - 0  [0.083] 12
mix25_nmpsee 1-11-0 = 8.3% / 12g
nmpsee failed vs Fruit; revert
shards build --release
spec Finished in 6.43 seconds | 664 examples, 0 failures, 0 errors, 0 pending
=== search canary noiro ===
shards build --release
spec Finished in 6.41 seconds | 664 examples, 0 failures, 0 errors, 0 pending
20g 10+0.1 vs fruit net=enn4_tactics_mix25.bin stem=mix25_noiro
detached pid=84716 pgid=84716 log=/Users/joey/Repos/experion/tools/match/mix25_noiro.log
abort mix25_noiro.log: Score of Experion vs Fruit21_CCRL2694: 1 - 11 - 0  [0.083] 12
mix25_noiro 1-11-0 = 8.3% / 12g
noiro failed vs Fruit; revert
shards build --release
spec Finished in 6.5 seconds | 664 examples, 0 failures, 0 errors, 0 pending
=== mix25 Fruit 40g + Crafty 40g baseline with current binary ===
40g 10+0.1 vs fruit net=enn4_tactics_mix25.bin stem=mix25_fruit40_keep
detached pid=85153 pgid=85153 log=/Users/joey/Repos/experion/tools/match/mix25_fruit40_keep.log
