wait_disagree: hard-example CCRL FT while deep SP runs
mine mix25 disagreements on quiet_tac3x (|err|>=180, |cp|<=800)
train mix25 freeze-linear 8ep on mix25_disagree lr=0.0004
train mix25_disagree rc=0
material best.bin [264, 490]
{'out': '/Users/joey/Repos/experion/nets/enn4_mix25_disagree_h10.bin', 't': 0.1, 'all': False}
material enn4_mix25_disagree_h10.bin [296, 521]
{'out': '/Users/joey/Repos/experion/nets/enn4_mix25_disagree_h15.bin', 't': 0.15, 'all': False}
material enn4_mix25_disagree_h15.bin [294, 519]
{'out': '/Users/joey/Repos/experion/nets/enn4_mix25_disagree_h25.bin', 't': 0.25, 'all': False}
material enn4_mix25_disagree_h25.bin [289, 515]
waiting for deep-SP queue selfplay w3 56/500
waiting for deep-SP queue selfplay w4 48/500
waiting for deep-SP queue selfplay w2 68/500
waiting for deep-SP queue selfplay w2 84/500
waiting for deep-SP queue selfplay w1 116/500
waiting for deep-SP queue selfplay w3 128/500
waiting for deep-SP queue selfplay w1 148/500
waiting for deep-SP queue selfplay w1 160/500
waiting for deep-SP queue selfplay w4 148/500
waiting for deep-SP queue selfplay w2 176/500
waiting for deep-SP queue selfplay w4 176/500
waiting for deep-SP queue selfplay w2 208/500
waiting for deep-SP queue selfplay w3 232/500
waiting for deep-SP queue selfplay w4 216/500
waiting for deep-SP queue selfplay w3 264/500
waiting for deep-SP queue selfplay w2 264/500
waiting for deep-SP queue selfplay w2 276/500
waiting for deep-SP queue selfplay w2 288/500
waiting for deep-SP queue selfplay w4 272/500
waiting for deep-SP queue selfplay w1 300/500
waiting for deep-SP queue selfplay w2 336/500
waiting for deep-SP queue selfplay w2 348/500
waiting for deep-SP queue selfplay w1 344/500
waiting for deep-SP queue selfplay w2 376/500
waiting for deep-SP queue selfplay w1 368/500
waiting for deep-SP queue selfplay w3 416/500
waiting for deep-SP queue selfplay w1 400/500
waiting for deep-SP queue selfplay w3 444/500
waiting for deep-SP queue selfplay w2 448/500
waiting for deep-SP queue selfplay w3 472/500
waiting for deep-SP queue selfplay w3 484/500
waiting for deep-SP queue selfplay w4 440/500
waiting for deep-SP queue selfplay w1 484/500
waiting for deep-SP queue selfplay w1 500/500
waiting for deep-SP queue selfplay w4 492/500
waiting for deep-SP queue selfplay w4 500/500
