=== wait_sp book 2026-09-17 20:18:31 ===
wait_sp start — match-book self-play d10, pack, FT, 25% blend, match

=== restart +t1 2026-09-17 20:19:46 ===
wait_sp start — match-book self-play d10, pack, FT, 25% blend, match

=== restart heartbeat 2026-09-17 20:30:40 ===
wait_sp start — match-book self-play d10, pack, FT, 25% blend, match
gendata still running samples≈18479 elapsed=0s

=== restart skip 2026-09-17 20:31:38 ===
wait_sp start — match-book self-play d10, pack, FT, 25% blend, match
gendata still running samples≈20014 elapsed=0s
gendata still running samples≈22852 elapsed=120s

=== restart extras 2026-09-17 20:34:06 ===
wait_sp start — match-book self-play d10, pack, FT, blend, match, extra gens if Fruit <18%
gendata still running selfplay_mix25_book.txt parts=1279420B elapsed=0s
gendata still running selfplay_mix25_book.txt parts=1430439B elapsed=120s
gendata still running selfplay_mix25_book.txt parts=1596671B elapsed=240s
gendata still running selfplay_mix25_book.txt parts=1773153B elapsed=360s
gendata still running selfplay_mix25_book.txt parts=1926970B elapsed=480s
gendata still running selfplay_mix25_book.txt parts=2059712B elapsed=600s
gendata still running selfplay_mix25_book.txt parts=2218413B elapsed=720s
gendata still running selfplay_mix25_book.txt parts=2366687B elapsed=840s
gendata still running selfplay_mix25_book.txt parts=2536042B elapsed=960s
gendata still running selfplay_mix25_book.txt parts=2716198B elapsed=1080s

=== restart 2ep extras 2026-09-17 20:52:10 ===
wait_sp start — match-book self-play d10, pack, FT, blend, match, extra gens if Fruit <18%
gendata still running selfplay_mix25_book.txt parts=2716198B elapsed=0s
gendata still running selfplay_mix25_book.txt parts=2862936B elapsed=120s
gendata still running selfplay_mix25_book.txt parts=3030078B elapsed=240s
gendata still running selfplay_mix25_book.txt parts=3169553B elapsed=360s
gendata still running selfplay_mix25_book.txt parts=3359984B elapsed=480s
gendata still running selfplay_mix25_book.txt parts=3498818B elapsed=600s
gendata still running selfplay_mix25_book.txt parts=3672292B elapsed=720s
gendata still running selfplay_mix25_book.txt parts=3834832B elapsed=840s
gendata still running selfplay_mix25_book.txt parts=4001725B elapsed=960s
gendata still running selfplay_mix25_book.txt parts=4166803B elapsed=1080s
gendata still running selfplay_mix25_book.txt parts=4345007B elapsed=1200s
gendata still running selfplay_mix25_book.txt parts=4464395B elapsed=1320s
gendata done /Users/joey/Repos/experion/datasets/selfplay_mix25_book.txt 4492950 bytes
pack selfplay_mix25_book.txt → mix25_spd8_npy
{'source': '/Users/joey/Repos/experion/datasets/selfplay_mix25_book.txt', 'positions': {'train': 66682, 'val': 3533}, 'kept': 70215, 'skipped': 12471, 'score_pov': 'white', 'labels': 'self-play search score + game WDL', 'split': 'position hash, 5% val'}
train mix25 freeze-linear 1ep on mix25_spd8
train mix25_spd8 rc=0
material best.bin [299, 526]
{'out': '/Users/joey/Repos/experion/nets/enn4_mix25_spd8_h15.bin', 't': 0.15, 'all': False}
material enn4_mix25_spd8_h15.bin [299, 526]
{'out': '/Users/joey/Repos/experion/nets/enn4_mix25_spd8_h25.bin', 't': 0.25, 'all': False}
material enn4_mix25_spd8_h25.bin [299, 526]
20g 10+0.1 vs fruit net=enn4_mix25_spd8.bin stem=mix25_spd8_fruit
detached pid=1963 pgid=1963 log=/Users/joey/Repos/experion/tools/match/mix25_spd8_fruit.log
abort mix25_spd8_fruit.log: Score of Experion vs Fruit21_CCRL2694: 0 - 11 - 1  [0.042] 12
mix25_spd8_fruit 0-11-1 = 4.2% / 12g
20g 10+0.1 vs fruit net=enn4_mix25_spd8_h15.bin stem=mix25_spd8_h15_fruit
detached pid=2245 pgid=2245 log=/Users/joey/Repos/experion/tools/match/mix25_spd8_h15_fruit.log

=== skip clones; t1 then 2k extras 2026-09-17 21:22:16 ===
wait_sp start — match-book self-play d10, pack, FT, blend, match, extra gens if Fruit <18%
gendata done /Users/joey/Repos/experion/datasets/selfplay_mix25_book.txt 4492950 bytes
skip mix25_spd8 Fruit rematch — 1ep FT was a no-op
20g 10+0.1 vs fruit net=enn4_tactics_mix25.bin stem=mix25_t1_fruit
detached pid=2359 pgid=2359 log=/Users/joey/Repos/experion/tools/match/mix25_t1_fruit.log
abort mix25_t1_fruit.log: Score of Experion vs Fruit21_CCRL2694: 2 - 15 - 0  [0.118] 17
mix25_t1_fruit 2-15-0 = 11.8% / 17g
launch selfplay 2000g d10 → selfplay_mix25_x1.txt
detached pid=2705 log=/Users/joey/Repos/experion/tools/match/gendata_mix25_x1.log out=/Users/joey/Repos/experion/datasets/selfplay_mix25_x1.txt
gendata still running selfplay_mix25_x1.txt parts=0B elapsed=0s
gendata still running selfplay_mix25_x1.txt parts=137268B elapsed=120s
gendata still running selfplay_mix25_x1.txt parts=310217B elapsed=240s
gendata still running selfplay_mix25_x1.txt parts=469607B elapsed=360s
gendata still running selfplay_mix25_x1.txt parts=628820B elapsed=480s
gendata still running selfplay_mix25_x1.txt parts=788953B elapsed=600s
gendata still running selfplay_mix25_x1.txt parts=965170B elapsed=720s
gendata still running selfplay_mix25_x1.txt parts=1122602B elapsed=840s
gendata still running selfplay_mix25_x1.txt parts=1298792B elapsed=960s
gendata still running selfplay_mix25_x1.txt parts=1439539B elapsed=1080s
gendata still running selfplay_mix25_x1.txt parts=1631244B elapsed=1200s
gendata still running selfplay_mix25_x1.txt parts=1773153B elapsed=1320s
gendata still running selfplay_mix25_x1.txt parts=1948379B elapsed=1440s
gendata still running selfplay_mix25_x1.txt parts=2081494B elapsed=1560s
gendata still running selfplay_mix25_x1.txt parts=2238077B elapsed=1680s
gendata still running selfplay_mix25_x1.txt parts=2390815B elapsed=1801s
gendata still running selfplay_mix25_x1.txt parts=2564379B elapsed=1921s
gendata still running selfplay_mix25_x1.txt parts=2733192B elapsed=2041s
gendata still running selfplay_mix25_x1.txt parts=2894162B elapsed=2161s
gendata still running selfplay_mix25_x1.txt parts=3056064B elapsed=2281s
gendata still running selfplay_mix25_x1.txt parts=3206671B elapsed=2401s
gendata still running selfplay_mix25_x1.txt parts=3381829B elapsed=2521s
gendata still running selfplay_mix25_x1.txt parts=3526911B elapsed=2641s
gendata still running selfplay_mix25_x1.txt parts=3702096B elapsed=2761s
gendata still running selfplay_mix25_x1.txt parts=3867357B elapsed=2881s
gendata still running selfplay_mix25_x1.txt parts=4014613B elapsed=3001s
gendata still running selfplay_mix25_x1.txt parts=4200730B elapsed=3121s
gendata still running selfplay_mix25_x1.txt parts=4359837B elapsed=3241s
gendata still running selfplay_mix25_x1.txt parts=4533901B elapsed=3361s
gendata still running selfplay_mix25_x1.txt parts=4707498B elapsed=3481s
gendata still running selfplay_mix25_x1.txt parts=4873065B elapsed=3601s
gendata still running selfplay_mix25_x1.txt parts=5032228B elapsed=3722s
gendata still running selfplay_mix25_x1.txt parts=5208953B elapsed=3842s
gendata still running selfplay_mix25_x1.txt parts=5361812B elapsed=3962s
gendata still running selfplay_mix25_x1.txt parts=5522904B elapsed=4082s
gendata still running selfplay_mix25_x1.txt parts=5668706B elapsed=4202s
gendata still running selfplay_mix25_x1.txt parts=5837241B elapsed=4322s
gendata still running selfplay_mix25_x1.txt parts=6025694B elapsed=4442s
gendata still running selfplay_mix25_x1.txt parts=6195549B elapsed=4562s
gendata still running selfplay_mix25_x1.txt parts=6349364B elapsed=4682s
gendata still running selfplay_mix25_x1.txt parts=6516648B elapsed=4802s
gendata still running selfplay_mix25_x1.txt parts=6670975B elapsed=4922s
gendata still running selfplay_mix25_x1.txt parts=6848551B elapsed=5042s
gendata still running selfplay_mix25_x1.txt parts=7021217B elapsed=5162s
gendata still running selfplay_mix25_x1.txt parts=7187217B elapsed=5282s
gendata still running selfplay_mix25_x1.txt parts=7361769B elapsed=5402s
gendata still running selfplay_mix25_x1.txt parts=7501761B elapsed=5523s
gendata still running selfplay_mix25_x1.txt parts=7670363B elapsed=5643s
gendata still running selfplay_mix25_x1.txt parts=7827333B elapsed=5763s
gendata still running selfplay_mix25_x1.txt parts=7970909B elapsed=5883s
gendata still running selfplay_mix25_x1.txt parts=8145670B elapsed=6003s
gendata still running selfplay_mix25_x1.txt parts=8303226B elapsed=6123s
gendata still running selfplay_mix25_x1.txt parts=8476045B elapsed=6243s
gendata still running selfplay_mix25_x1.txt parts=8633744B elapsed=6363s
gendata still running selfplay_mix25_x1.txt parts=8817120B elapsed=6483s
gendata still running selfplay_mix25_x1.txt parts=8979425B elapsed=6603s
gendata still running selfplay_mix25_x1.txt parts=9171938B elapsed=6723s
gendata still running selfplay_mix25_x1.txt parts=9277174B elapsed=7864s
gendata still running selfplay_mix25_x1.txt parts=9329584B elapsed=8363s
gendata still running selfplay_mix25_x1.txt parts=9361460B elapsed=8946s
gendata still running selfplay_mix25_x1.txt parts=9382313B elapsed=9866s
gendata still running selfplay_mix25_x1.txt parts=9454642B elapsed=10185s
gendata still running selfplay_mix25_x1.txt parts=9482440B elapsed=12176s
gendata still running selfplay_mix25_x1.txt parts=9522307B elapsed=13112s
gendata still running selfplay_mix25_x1.txt parts=9541439B elapsed=16061s
gendata still running selfplay_mix25_x1.txt parts=9569785B elapsed=18105s
gendata still running selfplay_mix25_x1.txt parts=9590408B elapsed=21173s
gendata still running selfplay_mix25_x1.txt parts=9619537B elapsed=24988s
gendata still running selfplay_mix25_x1.txt parts=9647724B elapsed=28772s
gendata still running selfplay_mix25_x1.txt parts=9673439B elapsed=30102s
gendata still running selfplay_mix25_x1.txt parts=9831080B elapsed=30222s

=== salvage x1 + 80k-node extras 2026-09-18 05:55:07 ===
wait_sp start — match-book self-play d10, pack, FT, blend, match, extra gens if Fruit <18%
gendata done /Users/joey/Repos/experion/datasets/selfplay_mix25_book.txt 4492950 bytes
skip mix25_spd8 Fruit rematch — 1ep FT was a no-op
skip mix25_t1_fruit aborted 2-15-0 = 11.8% / 17g
gendata done /Users/joey/Repos/experion/datasets/selfplay_mix25_x1.txt 9924344 bytes
merge selfplay_mix25_book.txt + selfplay_mix25_x1.txt → selfplay_mix25_x1_merged.txt
pack selfplay_mix25_x1_merged.txt → mix25_x1_npy
{'source': '/Users/joey/Repos/experion/datasets/selfplay_mix25_x1_merged.txt', 'positions': {'train': 139336, 'val': 7290}, 'kept': 146626, 'skipped': 119298, 'score_pov': 'white', 'labels': 'self-play search score + game WDL', 'split': 'position hash, 5% val'}
train mix25 freeze-linear 3ep on mix25_x1
train mix25_x1 rc=0
material best.bin [296, 524]
{'out': '/Users/joey/Repos/experion/nets/enn4_mix25_x1_h15.bin', 't': 0.15, 'all': False}
material enn4_mix25_x1_h15.bin [299, 526]
{'out': '/Users/joey/Repos/experion/nets/enn4_mix25_x1_h25.bin', 't': 0.25, 'all': False}
material enn4_mix25_x1_h25.bin [298, 526]
20g 10+0.1 vs fruit net=enn4_mix25_x1.bin stem=mix25_x1_fruit
detached pid=9680 pgid=9680 log=/Users/joey/Repos/experion/tools/match/mix25_x1_fruit.log
mix25_x1_fruit 6-14-0 = 30.0% / 20g
20g 10+0.1 vs crafty net=enn4_mix25_x1.bin stem=mix25_x1_crafty
detached pid=11351 pgid=11351 log=/Users/joey/Repos/experion/tools/match/mix25_x1_crafty.log
abort mix25_x1_crafty.log: Score of Experion vs Crafty252: 0 - 14 - 0  [0.000] 14
mix25_x1_crafty 0-14-0 = 0.0% / 14g
40g 10+0.1 vs fruit net=enn4_mix25_x1.bin stem=mix25_x1_fruit40
detached pid=13796 pgid=13796 log=/Users/joey/Repos/experion/tools/match/mix25_x1_fruit40.log

=== x1 40g failed; start x2 80k-node 2026-09-18 06:17:14 ===
wait_sp start — match-book self-play d10, pack, FT, blend, match, extra gens if Fruit <18%
gendata done /Users/joey/Repos/experion/datasets/selfplay_mix25_book.txt 4492950 bytes
skip mix25_spd8 Fruit rematch — 1ep FT was a no-op
skip mix25_t1_fruit aborted 2-15-0 = 11.8% / 17g
skip mix25_x1 rematch — 30%/20g failed 40g confirm
launch selfplay 1500g d10 → selfplay_mix25_x2.txt
detached pid=14614 log=/Users/joey/Repos/experion/tools/match/gendata_mix25_x2.log out=/Users/joey/Repos/experion/datasets/selfplay_mix25_x2.txt
gendata still running selfplay_mix25_x2.txt parts=0B elapsed=0s
gendata still running selfplay_mix25_x2.txt parts=489134B elapsed=120s
gendata still running selfplay_mix25_x2.txt parts=1002391B elapsed=240s
gendata still running selfplay_mix25_x2.txt parts=1517432B elapsed=360s
gendata still running selfplay_mix25_x2.txt parts=2060209B elapsed=480s
gendata still running selfplay_mix25_x2.txt parts=2592218B elapsed=600s
gendata still running selfplay_mix25_x2.txt parts=3135648B elapsed=720s
gendata still running selfplay_mix25_x2.txt parts=3651285B elapsed=840s
gendata still running selfplay_mix25_x2.txt parts=4204901B elapsed=960s
gendata still running selfplay_mix25_x2.txt parts=4762241B elapsed=1080s
gendata still running selfplay_mix25_x2.txt parts=5318764B elapsed=1200s
gendata still running selfplay_mix25_x2.txt parts=5866882B elapsed=1320s
gendata still running selfplay_mix25_x2.txt parts=6409923B elapsed=1440s
gendata still running selfplay_mix25_x2.txt parts=6940491B elapsed=1560s
gendata still running selfplay_mix25_x2.txt parts=7477653B elapsed=1680s
gendata still running selfplay_mix25_x2.txt parts=7986315B elapsed=1800s
gendata still running selfplay_mix25_x2.txt parts=8500751B elapsed=1921s
gendata still running selfplay_mix25_x2.txt parts=9057608B elapsed=2041s

=== x2 pack merge book+x1, blend-first 2026-09-18 06:56:46 ===
wait_sp start — match-book self-play d10, pack, FT, blend, match, extra gens if Fruit <18%
gendata done /Users/joey/Repos/experion/datasets/selfplay_mix25_book.txt 4492950 bytes
skip mix25_spd8 Fruit rematch — 1ep FT was a no-op
skip mix25_t1_fruit aborted 2-15-0 = 11.8% / 17g
skip mix25_x1 rematch — 30%/20g failed 40g confirm
gendata done /Users/joey/Repos/experion/datasets/selfplay_mix25_x2.txt 10092715 bytes
merge ['selfplay_mix25_book.txt', 'selfplay_mix25_x1.txt'] + selfplay_mix25_x2.txt → selfplay_mix25_x2_merged.txt
pack selfplay_mix25_x2_merged.txt → mix25_x2_npy
{'source': '/Users/joey/Repos/experion/datasets/selfplay_mix25_x2_merged.txt', 'positions': {'train': 278184, 'val': 14492}, 'kept': 292676, 'skipped': 153585, 'score_pov': 'white', 'labels': 'self-play search score + game WDL', 'split': 'position hash, 5% val'}
train mix25 freeze-linear 3ep on mix25_x2
train mix25_x2 rc=0
material best.bin [292, 506]
{'out': '/Users/joey/Repos/experion/nets/enn4_mix25_x2_h25.bin', 't': 0.25, 'all': False}
material enn4_mix25_x2_h25.bin [297, 521]
{'out': '/Users/joey/Repos/experion/nets/enn4_mix25_x2_h15.bin', 't': 0.15, 'all': False}
material enn4_mix25_x2_h15.bin [298, 523]
20g 10+0.1 vs fruit net=enn4_mix25_x2_h25.bin stem=mix25_x2_h25_fruit
detached pid=20060 pgid=20060 log=/Users/joey/Repos/experion/tools/match/mix25_x2_h25_fruit.log
abort mix25_x2_h25_fruit.log: Score of Experion vs Fruit21_CCRL2694: 0 - 12 - 0  [0.000] 12
mix25_x2_h25_fruit 0-12-0 = 0.0% / 12g
20g 10+0.1 vs fruit net=enn4_mix25_x2_h15.bin stem=mix25_x2_h15_fruit
detached pid=20565 pgid=20565 log=/Users/joey/Repos/experion/tools/match/mix25_x2_h15_fruit.log
mix25_x2_h15_fruit 3-14-3 = 22.5% / 20g
20g 10+0.1 vs crafty net=enn4_mix25_x2_h15.bin stem=mix25_x2_h15_crafty
detached pid=21851 pgid=21851 log=/Users/joey/Repos/experion/tools/match/mix25_x2_h15_crafty.log
abort mix25_x2_h15_crafty.log: Score of Experion vs Crafty252: 1 - 10 - 3  [0.179] 14
mix25_x2_h15_crafty 1-10-3 = 17.9% / 14g
20g 10+0.1 vs fruit net=enn4_mix25_x2.bin stem=mix25_x2_fruit
detached pid=24116 pgid=24116 log=/Users/joey/Repos/experion/tools/match/mix25_x2_fruit.log

=== skip x2 full; CCRL skip6e9 2026-09-18 07:21:24 ===
wait_sp start — match-book self-play d10, pack, FT, blend, match, extra gens if Fruit <18%
gendata done /Users/joey/Repos/experion/datasets/selfplay_mix25_book.txt 4492950 bytes
skip mix25_spd8 Fruit rematch — 1ep FT was a no-op
skip mix25_t1_fruit aborted 2-15-0 = 11.8% / 17g
skip mix25_x1 rematch — 30%/20g failed 40g confirm
skip mix25_x2 rematch — SP FT does not beat mix25 Fruit 21%
pack CCRL skip 6e9 d12 quiets+tactics 8M
train mix25 freeze-linear 2ep on mix25_skip6
train mix25_skip6 rc=0
material best.bin [290, 515]
{'out': '/Users/joey/Repos/experion/nets/enn4_mix25_skip6_h25.bin', 't': 0.25, 'all': False}
material enn4_mix25_skip6_h25.bin [296, 522]
{'out': '/Users/joey/Repos/experion/nets/enn4_mix25_skip6_h15.bin', 't': 0.15, 'all': False}
material enn4_mix25_skip6_h15.bin [298, 525]
20g 10+0.1 vs fruit net=enn4_mix25_skip6_h25.bin stem=mix25_skip6_h25_fruit
detached pid=25688 pgid=25688 log=/Users/joey/Repos/experion/tools/match/mix25_skip6_h25_fruit.log
abort mix25_skip6_h25_fruit.log: Score of Experion vs Fruit21_CCRL2694: 0 - 12 - 0  [0.000] 12
mix25_skip6_h25_fruit 0-12-0 = 0.0% / 12g
20g 10+0.1 vs fruit net=enn4_mix25_skip6_h15.bin stem=mix25_skip6_h15_fruit
detached pid=26689 pgid=26689 log=/Users/joey/Repos/experion/tools/match/mix25_skip6_h15_fruit.log
abort mix25_skip6_h15_fruit.log: Score of Experion vs Fruit21_CCRL2694: 1 - 11 - 0  [0.083] 12
mix25_skip6_h15_fruit 1-11-0 = 8.3% / 12g
material best.bin [290, 515]
{'out': '/Users/joey/Repos/experion/nets/enn4_mix25_skip6_h25.bin', 't': 0.25, 'all': False}
material enn4_mix25_skip6_h25.bin [296, 522]
{'out': '/Users/joey/Repos/experion/nets/enn4_mix25_skip6_h15.bin', 't': 0.15, 'all': False}
material enn4_mix25_skip6_h15.bin [298, 525]
skip mix25_skip6_h25_fruit aborted 0-12-0 = 0.0% / 12g
skip mix25_skip6_h15_fruit aborted 1-11-0 = 8.3% / 12g
wait_sp queue empty — poll cluster
cluster still down; waiter alive

=== restore ship search; cluster poll 2026-09-18 07:56:33 ===
wait_sp start — match-book self-play d10, pack, FT, blend, match, extra gens if Fruit <18%
gendata done /Users/joey/Repos/experion/datasets/selfplay_mix25_book.txt 4492950 bytes
skip mix25_spd8 Fruit rematch — 1ep FT was a no-op
skip mix25_t1_fruit aborted 2-15-0 = 11.8% / 17g
skip mix25_x1 rematch — 30%/20g failed 40g confirm
skip mix25_x2 rematch — SP FT does not beat mix25 Fruit 21%
material best.bin [290, 515]
{'out': '/Users/joey/Repos/experion/nets/enn4_mix25_skip6_h25.bin', 't': 0.25, 'all': False}
material enn4_mix25_skip6_h25.bin [296, 522]
{'out': '/Users/joey/Repos/experion/nets/enn4_mix25_skip6_h15.bin', 't': 0.15, 'all': False}
material enn4_mix25_skip6_h15.bin [298, 525]
skip mix25_skip6_h25_fruit aborted 0-12-0 = 0.0% / 12g
skip mix25_skip6_h15_fruit aborted 1-11-0 = 8.3% / 12g
wait_sp queue empty — poll cluster
cluster still down; waiter alive
cluster still down; waiter alive
cluster still down; waiter alive
cluster still down; waiter alive
cluster still down; waiter alive
cluster still down; waiter alive
cluster still down; waiter alive
cluster still down; waiter alive
cluster still down; waiter alive
cluster still down; waiter alive
cluster still down; waiter alive
cluster still down; waiter alive
cluster still down; waiter alive
cluster still down; waiter alive
cluster still down; waiter alive
cluster still down; waiter alive
cluster still down; waiter alive
cluster still down; waiter alive
cluster still down; waiter alive
cluster still down; waiter alive
cluster still down; waiter alive
cluster still down; waiter alive
cluster still down; waiter alive
cluster still down; waiter alive
cluster still down; waiter alive
cluster still down; waiter alive
cluster still down; waiter alive
cluster still down; waiter alive
cluster still down; waiter alive
cluster still down; waiter alive
cluster still down; waiter alive
cluster still down; waiter alive
cluster still down; waiter alive
cluster still down; waiter alive
cluster still down; waiter alive
cluster still down; waiter alive
cluster still down; waiter alive
cluster still down; waiter alive
cluster still down; waiter alive
cluster still down; waiter alive
cluster still down; waiter alive
cluster still down; waiter alive
cluster still down; waiter alive
cluster still down; waiter alive
cluster still down; waiter alive
cluster still down; waiter alive
cluster still down; waiter alive
cluster still down; waiter alive
cluster still down; waiter alive
cluster still down; waiter alive
cluster still down; waiter alive
cluster still down; waiter alive
cluster still down; waiter alive
cluster still down; waiter alive
cluster still down; waiter alive
cluster still down; waiter alive
cluster still down; waiter alive
cluster still down; waiter alive
cluster still down; waiter alive
cluster still down; waiter alive
cluster still down; waiter alive
cluster still down; waiter alive
cluster still down; waiter alive
cluster still down; waiter alive
cluster still down; waiter alive
cluster still down; waiter alive
cluster still down; waiter alive
cluster still down; waiter alive
cluster still down; waiter alive
cluster still down; waiter alive
cluster still down; waiter alive
cluster still down; waiter alive
cluster still down; waiter alive
cluster still down; waiter alive
cluster still down; waiter alive
cluster still down; waiter alive
cluster still down; waiter alive
cluster still down; waiter alive
cluster still down; waiter alive
cluster still down; waiter alive
cluster still down; waiter alive
cluster still down; waiter alive
cluster still down; waiter alive
