wait_ccrlop: mix25 self-play from 8k CCRL FENs
launch selfplay 2000g d8 from CCRL openings
detached pid=64886 log=/Users/joey/Repos/experion/tools/match/gendata_mix25_ccrlop.log out=/Users/joey/Repos/experion/datasets/selfplay_mix25_ccrlop.txt
gendata still running selfplay_mix25_ccrlop.txt parts=0B elapsed=0s
gendata still running selfplay_mix25_ccrlop.txt parts=858892B elapsed=120s
gendata still running selfplay_mix25_ccrlop.txt parts=1875812B elapsed=240s
gendata still running selfplay_mix25_ccrlop.txt parts=2886582B elapsed=360s
gendata still running selfplay_mix25_ccrlop.txt parts=3886580B elapsed=480s
gendata still running selfplay_mix25_ccrlop.txt parts=4850901B elapsed=600s
gendata still running selfplay_mix25_ccrlop.txt parts=5851996B elapsed=720s
gendata still running selfplay_mix25_ccrlop.txt parts=6829918B elapsed=840s
gendata still running selfplay_mix25_ccrlop.txt parts=7799805B elapsed=960s
gendata done /Users/joey/Repos/experion/datasets/selfplay_mix25_ccrlop.txt 8654541 bytes
pack selfplay_mix25_ccrlop.txt
{'source': '/Users/joey/Repos/experion/datasets/selfplay_mix25_ccrlop.txt', 'positions': {'train': 140527, 'val': 7537}, 'kept': 148064, 'skipped': 33876, 'score_pov': 'white', 'labels': 'self-play search score + game WDL', 'split': 'position hash, 5% val'}
train mix25 freeze-linear 6ep on mix25_ccrlop lr=0.0003
train mix25_ccrlop rc=0
material best.bin [300, 527]
{'out': '/Users/joey/Repos/experion/nets/enn4_mix25_ccrlop_h10.bin', 't': 0.1, 'all': False}
material enn4_mix25_ccrlop_h10.bin [299, 526]
{'out': '/Users/joey/Repos/experion/nets/enn4_mix25_ccrlop_h15.bin', 't': 0.15, 'all': False}
material enn4_mix25_ccrlop_h15.bin [299, 526]
{'out': '/Users/joey/Repos/experion/nets/enn4_mix25_ccrlop_h25.bin', 't': 0.25, 'all': False}
material enn4_mix25_ccrlop_h25.bin [299, 526]
20g 10+0.1 vs fruit net=enn4_mix25_ccrlop_h10.bin stem=mix25_ccrlop_h10_fruit
detached pid=65314 pgid=65314 log=/Users/joey/Repos/experion/tools/match/mix25_ccrlop_h10_fruit.log
