
=== skip15 waiter 2026-09-18 07:57:32 ===
wait_skip15 start — pack skip 1.5e9, FT, blend, Fruit
skip15 packing 3000 {'train': 308061, 'val': 14610} tactics
skip15 packing 17000 {'train': 1764340, 'val': 96558} tactics
skip15 packing 30000 {'train': 3101177, 'val': 169372} tactics
skip15 packing 42000 {'train': 4372019, 'val': 238258} tactics
skip15 packing 54000 {'train': 5629778, 'val': 304255} tactics
skip15 packing 65000 {'train': 6787733, 'val': 362912} tactics
skip15 pack ready
train mix25 freeze-linear 2ep on mix25_skip15
train mix25_skip15 rc=0
material best.bin [297, 510]
{'out': '/Users/joey/Repos/experion/nets/enn4_mix25_skip15_h25.bin', 't': 0.25, 'all': False}
material enn4_mix25_skip15_h25.bin [297, 521]
{'out': '/Users/joey/Repos/experion/nets/enn4_mix25_skip15_h15.bin', 't': 0.15, 'all': False}
material enn4_mix25_skip15_h15.bin [298, 523]
20g 10+0.1 vs fruit net=enn4_mix25_skip15_h25.bin stem=mix25_skip15_h25_fruit
detached pid=38121 pgid=38121 log=/Users/joey/Repos/experion/tools/match/mix25_skip15_h25_fruit.log
abort mix25_skip15_h25_fruit.log: Score of Experion vs Fruit21_CCRL2694: 0 - 11 - 1  [0.042] 12
mix25_skip15_h25_fruit 0-11-1 = 4.2% / 12g
20g 10+0.1 vs fruit net=enn4_mix25_skip15_h15.bin stem=mix25_skip15_h15_fruit
detached pid=39942 pgid=39942 log=/Users/joey/Repos/experion/tools/match/mix25_skip15_h15_fruit.log
abort mix25_skip15_h15_fruit.log: Score of Experion vs Fruit21_CCRL2694: 0 - 11 - 1  [0.042] 12
mix25_skip15_h15_fruit 0-11-1 = 4.2% / 12g
wait_skip15 done — poll cluster
