wait_sf_ccrl: waiting for fastchess
waiting for fastchess
waiting for fastchess
waiting for fastchess
waiting for fastchess
waiting for fastchess
waiting for fastchess
waiting for fastchess
extract 200k CCRL FENs skip 3e9 d12 q+t
SF-label 150k CCRL FENs d8
pack ccrl_sf19
{'source': '/Users/joey/Repos/experion/datasets/ccrl_sf19.txt', 'positions': {'train': 142580, 'val': 7420}, 'kept': 150000, 'skipped': 0, 'score_pov': 'white', 'labels': 'self-play search score + game WDL', 'split': 'position hash, 5% val'}
train mix25 freeze-linear 8ep on mix25_ccrlsf lr=0.001
train mix25_ccrlsf rc=0
material best.bin [270, 511]
{'out': '/Users/joey/Repos/experion/nets/enn4_mix25_ccrlsf_h25.bin', 't': 0.25, 'all': False}
material enn4_mix25_ccrlsf_h25.bin [291, 522]
{'out': '/Users/joey/Repos/experion/nets/enn4_mix25_ccrlsf_h15.bin', 't': 0.15, 'all': False}
material enn4_mix25_ccrlsf_h15.bin [294, 523]
material enn4_mix25_ccrlsf.bin [270, 511]
20g 10+0.1 vs fruit net=enn4_mix25_ccrlsf_h25.bin stem=mix25_ccrlsf_h25_fruit
detached pid=61545 pgid=61545 log=/Users/joey/Repos/experion/tools/match/mix25_ccrlsf_h25_fruit.log
mix25_ccrlsf_h25_fruit 6-12-2 = 35.0% / 20g
20g 10+0.1 vs crafty net=enn4_mix25_ccrlsf_h25.bin stem=mix25_ccrlsf_h25_crafty
detached pid=61803 pgid=61803 log=/Users/joey/Repos/experion/tools/match/mix25_ccrlsf_h25_crafty.log
