wait_after_sf: mixreg prep while sf750 matches
dump 8000 CCRL FENs → ccrl_openings.fen
openings 8000
concat quiet8m 1500000 + sf750 → ccrl_mixreg_npy
  train: quiet 1500000 + sf 712241 = 2212241
  val: quiet 75000 + sf 37531 = 112531
train mix25 freeze-linear 6ep on mix25_mixreg lr=0.0003
train mix25_mixreg rc=0
material best.bin [288, 507]
{'out': '/Users/joey/Repos/experion/nets/enn4_mix25_mixreg_h10.bin', 't': 0.1, 'all': False}
material enn4_mix25_mixreg_h10.bin [298, 524]
{'out': '/Users/joey/Repos/experion/nets/enn4_mix25_mixreg_h15.bin', 't': 0.15, 'all': False}
material enn4_mix25_mixreg_h15.bin [298, 523]
{'out': '/Users/joey/Repos/experion/nets/enn4_mix25_mixreg_h25.bin', 't': 0.25, 'all': False}
material enn4_mix25_mixreg_h25.bin [296, 519]
waiting for sf750 queue sf750_h10 2-11-0 = 15.4%/13g
waiting for sf750 queue sf750_h10 2-14-2 = 16.7%/18g
20g 10+0.1 vs fruit net=enn4_mix25_mixreg_h10.bin stem=mix25_mixreg_h10_fruit
detached pid=64583 pgid=64583 log=/Users/joey/Repos/experion/tools/match/mix25_mixreg_h10_fruit.log
abort mix25_mixreg_h10_fruit.log: Score of Experion vs Fruit21_CCRL2694: 0 - 11 - 1  [0.042] 12
mix25_mixreg_h10_fruit 0-11-1 = 4.2% / 12g
20g 10+0.1 vs fruit net=enn4_mix25_mixreg_h15.bin stem=mix25_mixreg_h15_fruit
detached pid=64728 pgid=64728 log=/Users/joey/Repos/experion/tools/match/mix25_mixreg_h15_fruit.log
abort mix25_mixreg_h15_fruit.log: Score of Experion vs Fruit21_CCRL2694: 0 - 12 - 0  [0.000] 12
mix25_mixreg_h15_fruit 0-12-0 = 0.0% / 12g
20g 10+0.1 vs fruit net=enn4_mix25_mixreg_h25.bin stem=mix25_mixreg_h25_fruit
detached pid=64841 pgid=64841 log=/Users/joey/Repos/experion/tools/match/mix25_mixreg_h25_fruit.log
